// Jest Snapshot v1, https://goo.gl/fbAQLP

exports[`sources and compiled output can be collocated 1`] = `
"# ~~ Generated by projen. To modify, edit .projenrc.js and run \\"npx projen\\".
!/.gitattributes
!/.projen/tasks.json
!/.projen/deps.json
!/.projen/files.json
!/.github/workflows/pull-request-lint.yml
!/package.json
!/LICENSE
!/.npmignore
logs
*.log
npm-debug.log*
yarn-debug.log*
yarn-error.log*
lerna-debug.log*
report.[0-9]*.[0-9]*.[0-9]*.[0-9]*.json
pids
*.pid
*.seed
*.pid.lock
lib-cov
coverage
*.lcov
.nyc_output
build/Release
node_modules/
jspm_packages/
*.tsbuildinfo
.eslintcache
*.tgz
.yarn-integrity
.cache
!/.projenrc.js
/test-reports/
junit.xml
/coverage/
!/.github/workflows/build.yml
/dist/changelog.md
/dist/version.txt
!/.github/workflows/release.yml
!/.mergify.yml
!/.github/workflows/upgrade-test.yml
!/.github/pull_request_template.md
!/test/
!/tsconfig.json
!/tsconfig.dev.json
!/lib/
/lib/**/*.js
/lib/**/*.d.ts
/dist/
!/.eslintrc.json
"
`;

exports[`sources and compiled output can be collocated 2`] = `
"# ~~ Generated by projen. To modify, edit .projenrc.js and run \\"npx projen\\".
/.projen/
/test-reports/
junit.xml
/coverage/
/dist/changelog.md
/dist/version.txt
/.mergify.yml
/test/
/tsconfig.dev.json
!/lib/
!/lib/**/*.js
!/lib/**/*.d.ts
dist
/tsconfig.json
/.github/
/.vscode/
/.idea/
/.projenrc.js
tsconfig.tsbuildinfo
/.eslintrc.json
"
`;
