// Jest Snapshot v1, https://goo.gl/fbAQLP

exports[`generate projenrc in python 1`] = `
"from projen.python import PythonProject

project = PythonProject()

project.synth()"
`;

exports[`javascript values are translated to python 1`] = `
"from projen.python import PythonProject
from projen import ProjectType

project = PythonProject(
    string_arg=\\"hello\\",
    int_arg=123,
    float_arg=123.45,
    boolean_arg=False,
    undefined_arg=None,
    null_arg=None,
    object_arg={\\"foo\\":\\"bar\\"},
    project_type=ProjectType.LIB,
)

project.synth()"
`;

exports[`projenrc.py support 1`] = `
Object {
  ".gitattributes": "# ~~ Generated by projen. To modify, edit .projenrc.js and run \\"npx projen\\".

/.gitattributes linguist-generated
/.github/workflows/pull-request-lint.yml linguist-generated
/.github/workflows/stale.yml linguist-generated
/.gitignore linguist-generated
/.projen/** linguist-generated
/.projen/deps.json linguist-generated
/.projen/files.json linguist-generated
/.projen/tasks.json linguist-generated",
  ".github/workflows/pull-request-lint.yml": "# ~~ Generated by projen. To modify, edit .projenrc.js and run \\"npx projen\\".

name: pull-request-lint
on:
  pull_request_target:
    types:
      - labeled
      - opened
      - synchronize
      - reopened
      - ready_for_review
      - edited
jobs:
  validate:
    name: Validate PR title
    runs-on: ubuntu-latest
    permissions:
      pull-requests: write
    steps:
      - uses: amannn/action-semantic-pull-request@v3.4.6
        env:
          GITHUB_TOKEN: \${{ secrets.GITHUB_TOKEN }}
        with:
          types: |-
            feat
            fix
            chore
          requireScope: false
",
  ".github/workflows/stale.yml": "# ~~ Generated by projen. To modify, edit .projenrc.js and run \\"npx projen\\".

name: stale
on:
  schedule:
    - cron: 0 1 * * *
  workflow_dispatch: {}
jobs:
  stale:
    runs-on: ubuntu-latest
    permissions:
      issues: write
      pull-requests: write
    steps:
      - uses: actions/stale@v4
        with:
          days-before-stale: -1
          days-before-close: -1
          days-before-pr-stale: 14
          days-before-pr-close: 2
          stale-pr-message: This pull request is now marked as stale because it hasn't seen activity for a while. Add a comment or it will be closed soon. If you wish to exclude this issue from being marked as stale, add the \\"backlog\\" label.
          close-pr-message: Closing this pull request as it hasn't seen activity for a while. Please add a comment @mentioning a maintainer to reopen. If you wish to exclude this issue from being marked as stale, add the \\"backlog\\" label.
          stale-pr-label: stale
          exempt-pr-labels: backlog
          days-before-issue-stale: 60
          days-before-issue-close: 7
          stale-issue-message: This issue is now marked as stale because it hasn't seen activity for a while. Add a comment or it will be closed soon. If you wish to exclude this issue from being marked as stale, add the \\"backlog\\" label.
          close-issue-message: Closing this issue as it hasn't seen activity for a while. Please add a comment @mentioning a maintainer to reopen. If you wish to exclude this issue from being marked as stale, add the \\"backlog\\" label.
          stale-issue-label: stale
          exempt-issue-labels: backlog
",
  ".gitignore": "# ~~ Generated by projen. To modify, edit .projenrc.js and run \\"npx projen\\".
node_modules/
!/.gitattributes
!/.projen/tasks.json
!/.projen/deps.json
!/.projen/files.json
!/.github/workflows/pull-request-lint.yml
!/.github/workflows/stale.yml
",
  ".projen/deps.json": Object {
    "//": "~~ Generated by projen. To modify, edit .projenrc.js and run \\"npx projen\\".",
    "dependencies": Array [
      Object {
        "name": "projen",
        "type": "devenv",
        "version": "1.2.3",
      },
    ],
  },
  ".projen/files.json": Object {
    "//": "~~ Generated by projen. To modify, edit .projenrc.js and run \\"npx projen\\".",
    "files": Array [
      ".gitattributes",
      ".github/workflows/pull-request-lint.yml",
      ".github/workflows/stale.yml",
      ".gitignore",
      ".projen/deps.json",
      ".projen/files.json",
      ".projen/tasks.json",
    ],
  },
  ".projen/tasks.json": Object {
    "//": "~~ Generated by projen. To modify, edit .projenrc.js and run \\"npx projen\\".",
    "tasks": Object {
      "build": Object {
        "description": "Full release build",
        "name": "build",
        "steps": Array [
          Object {
            "spawn": "default",
          },
          Object {
            "spawn": "pre-compile",
          },
          Object {
            "spawn": "compile",
          },
          Object {
            "spawn": "post-compile",
          },
          Object {
            "spawn": "test",
          },
          Object {
            "spawn": "package",
          },
        ],
      },
      "compile": Object {
        "description": "Only compile",
        "name": "compile",
      },
      "default": Object {
        "description": "Synthesize project files",
        "name": "default",
        "steps": Array [
          Object {
            "exec": "python .projenrc.py",
          },
        ],
      },
      "eject": Object {
        "description": "Remove projen from the project",
        "env": Object {
          "PROJEN_EJECTING": "true",
        },
        "name": "eject",
        "steps": Array [
          Object {
            "spawn": "default",
          },
        ],
      },
      "package": Object {
        "description": "Creates the distribution package",
        "name": "package",
      },
      "post-compile": Object {
        "description": "Runs after successful compilation",
        "name": "post-compile",
      },
      "pre-compile": Object {
        "description": "Prepare the project for compilation",
        "name": "pre-compile",
      },
      "test": Object {
        "description": "Run tests",
        "name": "test",
      },
    },
  },
  "README.md": "# replace this",
}
`;
