// Jest Snapshot v1, https://goo.gl/fbAQLP

exports[`renovatebot: true creates renovatebot configuration 1`] = `
"{
  \\"labels\\": [
    \\"renotate\\",
    \\"dependencies\\"
  ],
  \\"schedule\\": [
    \\"at any time\\"
  ],
  \\"extends\\": [
    \\":preserveSemverRanges\\",
    \\"config:base\\",
    \\"group:allNonMajor\\",
    \\"group:recommended\\",
    \\"group:monorepos\\"
  ],
  \\"packageRules\\": [
    {
      \\"matchDepTypes\\": [
        \\"devDependencies\\"
      ],
      \\"matchUpdateTypes\\": [
        \\"patch\\",
        \\"minor\\"
      ],
      \\"groupName\\": \\"devDependencies (non-major)\\"
    }
  ],
  \\"ignoreDeps\\": [
    \\"projen\\"
  ]
// ~~ Generated by projen. To modify, edit .projenrc.js and run \\"npx projen\\".
}
"
`;
