// Jest Snapshot v1, https://goo.gl/fbAQLP

exports[`create cdk python project 1`] = `
Object {
  "//": "~~ Generated by projen. To modify, edit .projenrc.js and run \\"npx projen\\".",
  "app": "python app.py",
  "output": "cdk.out",
  "watch": Object {
    "exclude": Array [
      "README.md",
      "cdk*.json",
      "requirements*.txt",
      "source.bat",
      "**/__init__.py",
      "python/__pycache__",
      "tests",
    ],
    "include": Array [
      "**",
    ],
  },
}
`;
