// Jest Snapshot v1, https://goo.gl/fbAQLP

exports[`projenrc.json default project 1`] = `
Object {
  ".gitattributes": "# ~~ Generated by projen. To modify, edit .projenrc.js and run \\"npx projen\\".

/.gitattributes linguist-generated
/.github/workflows/pull-request-lint.yml linguist-generated
/.github/workflows/stale.yml linguist-generated
/.gitignore linguist-generated
/.projen/** linguist-generated
/.projen/deps.json linguist-generated
/.projen/files.json linguist-generated
/.projen/tasks.json linguist-generated",
  ".github/workflows/pull-request-lint.yml": "# ~~ Generated by projen. To modify, edit .projenrc.js and run \\"npx projen\\".

name: pull-request-lint
on:
  pull_request_target:
    types:
      - labeled
      - opened
      - synchronize
      - reopened
      - ready_for_review
      - edited
jobs:
  validate:
    name: Validate PR title
    runs-on: ubuntu-latest
    permissions:
      pull-requests: write
    steps:
      - uses: amannn/action-semantic-pull-request@v3.4.6
        env:
          GITHUB_TOKEN: \${{ secrets.GITHUB_TOKEN }}
        with:
          types: |-
            feat
            fix
            chore
          requireScope: false
",
  ".github/workflows/stale.yml": "# ~~ Generated by projen. To modify, edit .projenrc.js and run \\"npx projen\\".

name: stale
on:
  schedule:
    - cron: 0 1 * * *
  workflow_dispatch: {}
jobs:
  stale:
    runs-on: ubuntu-latest
    permissions:
      issues: write
      pull-requests: write
    steps:
      - uses: actions/stale@v4
        with:
          days-before-stale: -1
          days-before-close: -1
          days-before-pr-stale: 14
          days-before-pr-close: 2
          stale-pr-message: This pull request is now marked as stale because it hasn't seen activity for a while. Add a comment or it will be closed soon. If you wish to exclude this issue from being marked as stale, add the \\"backlog\\" label.
          close-pr-message: Closing this pull request as it hasn't seen activity for a while. Please add a comment @mentioning a maintainer to reopen. If you wish to exclude this issue from being marked as stale, add the \\"backlog\\" label.
          stale-pr-label: stale
          exempt-pr-labels: backlog
          days-before-issue-stale: 60
          days-before-issue-close: 7
          stale-issue-message: This issue is now marked as stale because it hasn't seen activity for a while. Add a comment or it will be closed soon. If you wish to exclude this issue from being marked as stale, add the \\"backlog\\" label.
          close-issue-message: Closing this issue as it hasn't seen activity for a while. Please add a comment @mentioning a maintainer to reopen. If you wish to exclude this issue from being marked as stale, add the \\"backlog\\" label.
          stale-issue-label: stale
          exempt-issue-labels: backlog
",
  ".gitignore": "# ~~ Generated by projen. To modify, edit .projenrc.js and run \\"npx projen\\".
node_modules/
!/.gitattributes
!/.projen/tasks.json
!/.projen/deps.json
!/.projen/files.json
!/.github/workflows/pull-request-lint.yml
!/.github/workflows/stale.yml
",
  ".projen/files.json": Object {
    "//": "~~ Generated by projen. To modify, edit .projenrc.js and run \\"npx projen\\".",
    "files": Array [
      ".gitattributes",
      ".github/workflows/pull-request-lint.yml",
      ".github/workflows/stale.yml",
      ".gitignore",
      ".projen/deps.json",
      ".projen/files.json",
      ".projen/tasks.json",
    ],
  },
  ".projen/tasks.json": Object {
    "//": "~~ Generated by projen. To modify, edit .projenrc.js and run \\"npx projen\\".",
    "tasks": Object {
      "build": Object {
        "description": "Full release build",
        "name": "build",
        "steps": Array [
          Object {
            "spawn": "default",
          },
          Object {
            "spawn": "pre-compile",
          },
          Object {
            "spawn": "compile",
          },
          Object {
            "spawn": "post-compile",
          },
          Object {
            "spawn": "test",
          },
          Object {
            "spawn": "package",
          },
        ],
      },
      "compile": Object {
        "description": "Only compile",
        "name": "compile",
      },
      "default": Object {
        "description": "Synthesize project files",
        "env": Object {
          "FILENAME": ".projenrc.json",
        },
        "name": "default",
        "steps": Array [
          Object {
            "builtin": "run-projenrc-json",
          },
        ],
      },
      "eject": Object {
        "description": "Remove projen from the project",
        "env": Object {
          "PROJEN_EJECTING": "true",
        },
        "name": "eject",
        "steps": Array [
          Object {
            "spawn": "default",
          },
        ],
      },
      "package": Object {
        "description": "Creates the distribution package",
        "name": "package",
      },
      "post-compile": Object {
        "description": "Runs after successful compilation",
        "name": "post-compile",
      },
      "pre-compile": Object {
        "description": "Prepare the project for compilation",
        "name": "pre-compile",
      },
      "test": Object {
        "description": "Run tests",
        "name": "test",
      },
    },
  },
  "README.md": "# replace this",
}
`;

exports[`projenrc.json with typed options 1`] = `
Object {
  ".gitattributes": "# ~~ Generated by projen. To modify, edit .projenrc.js and run \\"npx projen\\".

/.gitattributes linguist-generated
/.github/workflows/pull-request-lint.yml linguist-generated
/.github/workflows/stale.yml linguist-generated
/.gitignore linguist-generated
/.projen/** linguist-generated
/.projen/deps.json linguist-generated
/.projen/files.json linguist-generated
/.projen/tasks.json linguist-generated",
  ".github/workflows/pull-request-lint.yml": "# ~~ Generated by projen. To modify, edit .projenrc.js and run \\"npx projen\\".

name: pull-request-lint
on:
  pull_request_target:
    types:
      - labeled
      - opened
      - synchronize
      - reopened
      - ready_for_review
      - edited
jobs:
  validate:
    name: Validate PR title
    runs-on: ubuntu-latest
    permissions:
      pull-requests: write
    steps:
      - uses: amannn/action-semantic-pull-request@v3.4.6
        env:
          GITHUB_TOKEN: \${{ secrets.GITHUB_TOKEN }}
        with:
          types: |-
            feat
            fix
            chore
          requireScope: false
",
  ".github/workflows/stale.yml": "# ~~ Generated by projen. To modify, edit .projenrc.js and run \\"npx projen\\".

name: stale
on:
  schedule:
    - cron: 0 1 * * *
  workflow_dispatch: {}
jobs:
  stale:
    runs-on: ubuntu-latest
    permissions:
      issues: write
      pull-requests: write
    steps:
      - uses: actions/stale@v4
        with:
          days-before-stale: -1
          days-before-close: -1
          days-before-pr-stale: -1
          days-before-pr-close: -1
          days-before-issue-stale: 100
          days-before-issue-close: 7
          stale-issue-message: This issue is now marked as stale because it hasn't seen activity for a while. Add a comment or it will be closed soon. If you wish to exclude this issue from being marked as stale, add the \\"backlog\\" label.
          close-issue-message: Closing this issue as it hasn't seen activity for a while. Please add a comment @mentioning a maintainer to reopen. If you wish to exclude this issue from being marked as stale, add the \\"backlog\\" label.
          stale-issue-label: stale
          exempt-issue-labels: backlog
",
  ".gitignore": "# ~~ Generated by projen. To modify, edit .projenrc.js and run \\"npx projen\\".
node_modules/
!/.gitattributes
!/.projen/tasks.json
!/.projen/deps.json
!/.projen/files.json
!/.github/workflows/pull-request-lint.yml
!/.github/workflows/stale.yml
",
  ".projen/files.json": Object {
    "//": "~~ Generated by projen. To modify, edit .projenrc.js and run \\"npx projen\\".",
    "files": Array [
      ".gitattributes",
      ".github/workflows/pull-request-lint.yml",
      ".github/workflows/stale.yml",
      ".gitignore",
      ".projen/deps.json",
      ".projen/files.json",
      ".projen/tasks.json",
    ],
  },
  ".projen/tasks.json": Object {
    "//": "~~ Generated by projen. To modify, edit .projenrc.js and run \\"npx projen\\".",
    "tasks": Object {
      "build": Object {
        "description": "Full release build",
        "name": "build",
        "steps": Array [
          Object {
            "spawn": "default",
          },
          Object {
            "spawn": "pre-compile",
          },
          Object {
            "spawn": "compile",
          },
          Object {
            "spawn": "post-compile",
          },
          Object {
            "spawn": "test",
          },
          Object {
            "spawn": "package",
          },
        ],
      },
      "compile": Object {
        "description": "Only compile",
        "name": "compile",
      },
      "default": Object {
        "description": "Synthesize project files",
        "env": Object {
          "FILENAME": ".projenrc.json",
        },
        "name": "default",
        "steps": Array [
          Object {
            "builtin": "run-projenrc-json",
          },
        ],
      },
      "eject": Object {
        "description": "Remove projen from the project",
        "env": Object {
          "PROJEN_EJECTING": "true",
        },
        "name": "eject",
        "steps": Array [
          Object {
            "spawn": "default",
          },
        ],
      },
      "package": Object {
        "description": "Creates the distribution package",
        "name": "package",
      },
      "post-compile": Object {
        "description": "Runs after successful compilation",
        "name": "post-compile",
      },
      "pre-compile": Object {
        "description": "Prepare the project for compilation",
        "name": "pre-compile",
      },
      "test": Object {
        "description": "Run tests",
        "name": "test",
      },
    },
  },
  ".projenrc.json": Object {
    "name": "@example/foo",
    "npmAccess": "public",
    "staleOptions": Object {
      "issues": Object {
        "daysBeforeStale": 100,
      },
      "pullRequest": Object {
        "enabled": false,
      },
    },
    "type": "projen.typescript.TypeScriptProject",
  },
  "README.md": "# replace this",
}
`;
